### Step 2A
rzepk@AimeeRzepka MINGW64 ~
$ pwd
/c/Users/rzepk

### Step 2B
rzepk@AimeeRzepka MINGW64 ~
$ ls
 AppData/
'Application Data'@
 Contacts/
 Cookies@
 Documents/
 Downloads/
 Favorites/
 IntelGraphicsProfiles/
 Links/
'Local Settings'@
 Music/
'My Documents'@
 NTUSER.DAT
 NTUSER.DAT{b7b5dbd3-1059-11ee-af12-f46d3f5fddc6}.TM.blf
 NTUSER.DAT{b7b5dbd3-1059-11ee-af12-f46d3f5fddc6}.TMContainer00000000000000000001.regtrans-ms
 NTUSER.DAT{b7b5dbd3-1059-11ee-af12-f46d3f5fddc6}.TMContainer00000000000000000002.regtrans-ms
 NetHood@
 OneDrive/
 PrintHood@
 Recent@
'Saved Games'/
 Searches/
 SendTo@
'Start Menu'@
 Templates@
 Videos/
 ntuser.dat.LOG1
 ntuser.dat.LOG2
 ntuser.ini
 source/

rzepk@AimeeRzepka MINGW64 ~
$ cd OneDrive/

rzepk@AimeeRzepka MINGW64 ~/OneDrive
$ LS
 Desktop    'Getting started with OneDrive.pdf'   Pictures
 Documents  'Personal Vault.lnk'                  desktop.ini

rzepk@AimeeRzepka MINGW64 ~/OneDrive
$ cd Desktop/


### Step 2C
rzepk@AimeeRzepka MINGW64 ~/OneDrive/Desktop
$ LS
'AIMEES STUFF'   desktop.ini   unit1-git-practice

rzepk@AimeeRzepka MINGW64 ~/OneDrive/Desktop
$ cd unit1-git-practice/


### Step 2D
/c/Users/rzepk/OneDrive/Desktop/unit1-git-practice


### Step 2E
rzepk@AimeeRzepka MINGW64 ~/OneDrive/Desktop/unit1-git-practice
$ ls

### Step 2F
my-steps.txt

### Step 2G
rzepk@AimeeRzepka MINGW64 ~/OneDrive/Desktop/unit1-git-practice
$ cd ~


### Step 2H
/c/Users/rzepk


### Step 2I
 AppData/
'Application Data'@
 Contacts/
 Cookies@
 Documents/
 Downloads/
 Favorites/
 IntelGraphicsProfiles/
 Links/
'Local Settings'@
 Music/
'My Documents'@
 NTUSER.DAT
 NTUSER.DAT{b7b5dbd3-1059-11ee-af12-f46d3f5fddc6}.TM.blf
 NTUSER.DAT{b7b5dbd3-1059-11ee-af12-f46d3f5fddc6}.TMContainer00000000000000000001.regtrans-ms
 NTUSER.DAT{b7b5dbd3-1059-11ee-af12-f46d3f5fddc6}.TMContainer00000000000000000002.regtrans-ms
 NetHood@
 OneDrive/
 PrintHood@
 Recent@
'Saved Games'/
 Searches/
 SendTo@
'Start Menu'@
 Templates@
 Videos/
 ntuser.dat.LOG1
 ntuser.dat.LOG2
 ntuser.ini
 source/


### Step 2J
rzepk@AimeeRzepka MINGW64 ~
$ cd ~


### Step 2K
rzepk@AimeeRzepka MINGW64 ~
$ ls

rzepk@AimeeRzepka MINGW64 ~
$ cd OneDrive/

rzepk@AimeeRzepka MINGW64 ~/OneDrive
$ ls

rzepk@AimeeRzepka MINGW64 ~/OneDrive
$ cd Desktop/

rzepk@AimeeRzepka MINGW64 ~/OneDrive/Desktop
$ ls

rzepk@AimeeRzepka MINGW64 ~/OneDrive/Desktop
$ cd unit1-git-practice/



### Step 3A
rzepk@AimeeRzepka MINGW64 ~/OneDrive/Desktop
$ cd unit1-git-practice/

rzepk@AimeeRzepka MINGW64 ~/OneDrive/Desktop/unit1-git-practice
$ LS
my-steps.txt

rzepk@AimeeRzepka MINGW64 ~/OneDrive/Desktop/unit1-git-practice
$ mkdir veggies

rzepk@AimeeRzepka MINGW64 ~/OneDrive/Desktop/unit1-git-practice
$ ls
my-steps.txt  veggies/

rzepk@AimeeRzepka MINGW64 ~/OneDrive/Desktop/unit1-git-practice
$ mkdir meats

rzepk@AimeeRzepka MINGW64 ~/OneDrive/Desktop/unit1-git-practice
$ ls
meats/  my-steps.txt  veggies/

rzepk@AimeeRzepka MINGW64 ~/OneDrive/Desktop/unit1-git-practice
$ mkdir desserts

rzepk@AimeeRzepka MINGW64 ~/OneDrive/Desktop/unit1-git-practice
$ ls
desserts/  meats/  my-steps.txt  veggies/


### Step 3B
rzepk@AimeeRzepka MINGW64 ~/OneDrive/Desktop/unit1-git-practice
$ mv desserts sweets

rzepk@AimeeRzepka MINGW64 ~/OneDrive/Desktop/unit1-git-practice
$ ls
meats/  my-steps.txt  sweets/  veggies/


### Step 3C
rzepk@AimeeRzepka MINGW64 ~/OneDrive/Desktop/unit1-git-practice
$ mkdir proteins

rzepk@AimeeRzepka MINGW64 ~/OneDrive/Desktop/unit1-git-practice
$ ls
meats/  my-steps.txt  proteins/  sweets/  veggies/


### Step 3D
rzepk@AimeeRzepka MINGW64 ~/OneDrive/Desktop/unit1-git-practice
$ mv meats proteins

rzepk@AimeeRzepka MINGW64 ~/OneDrive/Desktop/unit1-git-practice
$ ls
my-steps.txt  proteins/  sweets/  veggies/


### Step 3E
rzepk@AimeeRzepka MINGW64 ~/OneDrive/Desktop/unit1-git-practice
$ cd veggies/

rzepk@AimeeRzepka MINGW64 ~/OneDrive/Desktop/unit1-git-practice/veggies
$ touch carrot.txt

rzepk@AimeeRzepka MINGW64 ~/OneDrive/Desktop/unit1-git-practice/veggies
$ touch pea.txt

rzepk@AimeeRzepka MINGW64 ~/OneDrive/Desktop/unit1-git-practice/veggies
$ ls
carrot.txt  pea.txt


### Step 3F
rzepk@AimeeRzepka MINGW64 ~/OneDrive/Desktop/unit1-git-practice/veggies
$ cd ..

rzepk@AimeeRzepka MINGW64 ~/OneDrive/Desktop/unit1-git-practice
$ cd sweets

rzepk@AimeeRzepka MINGW64 ~/OneDrive/Desktop/unit1-git-practice/sweets
$ touch cookie.txt

rzepk@AimeeRzepka MINGW64 ~/OneDrive/Desktop/unit1-git-practice/sweets
$ ls
cookie.txt


### Step 3G
rzepk@AimeeRzepka MINGW64 ~/OneDrive/Desktop/unit1-git-practice/sweets
$ mv cookie.txt donut.txt

rzepk@AimeeRzepka MINGW64 ~/OneDrive/Desktop/unit1-git-practice/sweets
$ ls
donut.txt


### Step 3H
rzepk@AimeeRzepka MINGW64 ~/OneDrive/Desktop/unit1-git-practice
$ touch thing.txt


### Step 3I
rzepk@AimeeRzepka MINGW64 ~/OneDrive/Desktop/unit1-git-practice
$ cp -r thing.txt tofu.txt


### Step 3J
rzepk@AimeeRzepka MINGW64 ~/OneDrive/Desktop/unit1-git-practice
$ mv tofu.txt proteins


### Step 3K
rzepk@AimeeRzepka MINGW64 ~/OneDrive/Desktop/unit1-git-practice
$ cp -r thing.txt crab.txt

rzepk@AimeeRzepka MINGW64 ~/OneDrive/Desktop/unit1-git-practice
$ ls
crab.txt  menu.txt  my-steps.txt  proteins/  sweets/  thing.txt  veggies/

rzepk@AimeeRzepka MINGW64 ~/OneDrive/Desktop/unit1-git-practice
$ mv crab.txt proteins/

rzepk@AimeeRzepka MINGW64 ~/OneDrive/Desktop/unit1-git-practice
$ cd proteins/

rzepk@AimeeRzepka MINGW64 ~/OneDrive/Desktop/unit1-git-practice/proteins
$ ls
crab.txt  meats/  tofu.txt

rzepk@AimeeRzepka MINGW64 ~/OneDrive/Desktop/unit1-git-practice/proteins
$ mv crab.txt meats/

rzepk@AimeeRzepka MINGW64 ~/OneDrive/Desktop/unit1-git-practice/proteins
$ cd meats/

rzepk@AimeeRzepka MINGW64 ~/OneDrive/Desktop/unit1-git-practice/proteins/meats
$ ls
crab.txt


### Step 3L
rzepk@AimeeRzepka MINGW64 ~/OneDrive/Desktop/unit1-git-practice/proteins/meats
$ cd ..

rzepk@AimeeRzepka MINGW64 ~/OneDrive/Desktop/unit1-git-practice/proteins
$ cd ..

rzepk@AimeeRzepka MINGW64 ~/OneDrive/Desktop/unit1-git-practice
$ ls
menu.txt  my-steps.txt  proteins/  sweets/  thing.txt  veggies/

rzepk@AimeeRzepka MINGW64 ~/OneDrive/Desktop/unit1-git-practice
$ rm -r thing.txt

rzepk@AimeeRzepka MINGW64 ~/OneDrive/Desktop/unit1-git-practice
$ ls
menu.txt  my-steps.txt  proteins/  sweets/  veggies/


### Step 3M
rzepk@AimeeRzepka MINGW64 ~/OneDrive/Desktop/unit1-git-practice
$ cp -r veggies plants

rzepk@AimeeRzepka MINGW64 ~/OneDrive/Desktop/unit1-git-practice
$ ls
menu.txt  my-steps.txt  plants/  proteins/  sweets/  veggies/


### Step 3N
rzepk@AimeeRzepka MINGW64 ~/OneDrive/Desktop/unit1-git-practice
$ mkdir drinks

rzepk@AimeeRzepka MINGW64 ~/OneDrive/Desktop/unit1-git-practice
$ rm -r drinks

rzepk@AimeeRzepka MINGW64 ~/OneDrive/Desktop/unit1-git-practice
$ ls
menu.txt  my-steps.txt  plants/  proteins/  sweets/  veggies/



### Step 4
rzepk@AimeeRzepka MINGW64 ~/OneDrive/Desktop/unit1-git-practice
$ git init
Initialized empty Git repository in C:/Users/rzepk/OneDrive/Desktop/unit1-git-practice/.git/

rzepk@AimeeRzepka MINGW64 ~/OneDrive/Desktop/unit1-git-practice (master)
$ git add .
warning: in the working copy of 'my-steps.txt', LF will be replaced by CRLF the next time Git touches it

rzepk@AimeeRzepka MINGW64 ~/OneDrive/Desktop/unit1-git-practice (master)
$ git status
On branch master

No commits yet

Changes to be committed:
  (use "git rm --cached <file>..." to unstage)
        new file:   my-steps.txt
        new file:   plants/carrot.txt
        new file:   plants/pea.txt
        new file:   proteins/meats/crab.txt
        new file:   proteins/tofu.txt
        new file:   sweets/donut.txt
        new file:   veggies/carrot.txt
        new file:   veggies/pea.txt


rzepk@AimeeRzepka MINGW64 ~/OneDrive/Desktop/unit1-git-practice (master)
$ git commit -m 'first commit'
[master (root-commit) 7adf3b3] first commit
 8 files changed, 88 insertions(+)
 create mode 100644 my-steps.txt
 create mode 100644 plants/carrot.txt
 create mode 100644 plants/pea.txt
 create mode 100644 proteins/meats/crab.txt
 create mode 100644 proteins/tofu.txt
 create mode 100644 sweets/donut.txt
 create mode 100644 veggies/carrot.txt
 create mode 100644 veggies/pea.txt


### Step 5
rzepk@AimeeRzepka MINGW64 ~/OneDrive/Desktop/unit1-git-practice (master)
$ git commit -m 'first commit'
[master (root-commit) 7adf3b3] first commit
 8 files changed, 88 insertions(+)
 create mode 100644 my-steps.txt
 create mode 100644 plants/carrot.txt
 create mode 100644 plants/pea.txt
 create mode 100644 proteins/meats/crab.txt
 create mode 100644 proteins/tofu.txt
 create mode 100644 sweets/donut.txt
 create mode 100644 veggies/carrot.txt
 create mode 100644 veggies/pea.txt

rzepk@AimeeRzepka MINGW64 ~/OneDrive/Desktop/unit1-git-practice (master)
$ git remote add origin https://github.com/AimeeRzepka/practice-first-commit.git
git branch -M main
git push -u origin main
Enumerating objects: 8, done.
Counting objects: 100% (8/8), done.
Delta compression using up to 8 threads
Compressing objects: 100% (5/5), done.
Writing objects: 100% (8/8), 672 bytes | 672.00 KiB/s, done.
Total 8 (delta 0), reused 0 (delta 0), pack-reused 0
To https://github.com/AimeeRzepka/practice-first-commit.git
 * [new branch]      main -> main
branch 'main' set up to track 'origin/main'.


### Step 6
rzepk@AimeeRzepka MINGW64 ~/OneDrive/Desktop/unit1-git-practice (main)
$ touch menu.txt

rzepk@AimeeRzepka MINGW64 ~/OneDrive/Desktop/unit1-git-practice (main)
$ ls
menu.txt  my-steps.txt  plants/  proteins/  sweets/  veggies/

rzepk@AimeeRzepka MINGW64 ~/OneDrive/Desktop/unit1-git-practice (main)
$ git add .

rzepk@AimeeRzepka MINGW64 ~/OneDrive/Desktop/unit1-git-practice (main)
$ git status
On branch main
Your branch is up to date with 'origin/main'.

Changes to be committed:
  (use "git restore --staged <file>..." to unstage)
        new file:   menu.txt


rzepk@AimeeRzepka MINGW64 ~/OneDrive/Desktop/unit1-git-practice (main)
$ git push
Everything up-to-date


### Step 7
*** DO NOT RECORD STEP 7 ***